Archive member included to satisfy reference by file (symbol)

c:/program files (x86)/atmel/studio/7.0/toolchain/avr8/avr8-gnu-toolchain/bin/../lib/gcc/avr/5.4.0/../../../../avr/lib/avr5\libprintf_min.a(vfprintf_min.o)
                              (vfprintf)
c:/program files (x86)/atmel/studio/7.0/toolchain/avr8/avr8-gnu-toolchain/bin/../lib/gcc/avr/5.4.0/../../../../avr/lib/avr5\libc.a(exit.o)
                              C:/Program Files (x86)/Atmel/Studio/7.0/Packs/atmel/ATmega_DFP/1.7.374/gcc/dev/atmega328p/avr5/crtatmega328p.o (exit)
c:/program files (x86)/atmel/studio/7.0/toolchain/avr8/avr8-gnu-toolchain/bin/../lib/gcc/avr/5.4.0/../../../../avr/lib/avr5\libc.a(strchr_P.o)
                              c:/program files (x86)/atmel/studio/7.0/toolchain/avr8/avr8-gnu-toolchain/bin/../lib/gcc/avr/5.4.0/../../../../avr/lib/avr5\libprintf_min.a(vfprintf_min.o) (strchr_P)
c:/program files (x86)/atmel/studio/7.0/toolchain/avr8/avr8-gnu-toolchain/bin/../lib/gcc/avr/5.4.0/../../../../avr/lib/avr5\libc.a(fputc.o)
                              c:/program files (x86)/atmel/studio/7.0/toolchain/avr8/avr8-gnu-toolchain/bin/../lib/gcc/avr/5.4.0/../../../../avr/lib/avr5\libprintf_min.a(vfprintf_min.o) (fputc)
c:/program files (x86)/atmel/studio/7.0/toolchain/avr8/avr8-gnu-toolchain/bin/../lib/gcc/avr/5.4.0/../../../../avr/lib/avr5\libc.a(snprintf.o)
                              apps/app_clock.o (snprintf)
c:/program files (x86)/atmel/studio/7.0/toolchain/avr8/avr8-gnu-toolchain/bin/../lib/gcc/avr/5.4.0/../../../../avr/lib/avr5\libc.a(ultoa_invert.o)
                              c:/program files (x86)/atmel/studio/7.0/toolchain/avr8/avr8-gnu-toolchain/bin/../lib/gcc/avr/5.4.0/../../../../avr/lib/avr5\libprintf_min.a(vfprintf_min.o) (__ultoa_invert)
c:/program files (x86)/atmel/studio/7.0/toolchain/avr8/avr8-gnu-toolchain/bin/../lib/gcc/avr/5.4.0/avr5\libgcc.a(_divmodhi4.o)
                              src/fetos_io.o (__divmodhi4)
c:/program files (x86)/atmel/studio/7.0/toolchain/avr8/avr8-gnu-toolchain/bin/../lib/gcc/avr/5.4.0/avr5\libgcc.a(_udivmodsi4.o)
                              apps/app_clock.o (__udivmodsi4)
c:/program files (x86)/atmel/studio/7.0/toolchain/avr8/avr8-gnu-toolchain/bin/../lib/gcc/avr/5.4.0/avr5\libgcc.a(_exit.o)
                              c:/program files (x86)/atmel/studio/7.0/toolchain/avr8/avr8-gnu-toolchain/bin/../lib/gcc/avr/5.4.0/../../../../avr/lib/avr5\libc.a(exit.o) (_exit)
c:/program files (x86)/atmel/studio/7.0/toolchain/avr8/avr8-gnu-toolchain/bin/../lib/gcc/avr/5.4.0/avr5\libgcc.a(_copy_data.o)
                              apps/app_clock.o (__do_copy_data)
c:/program files (x86)/atmel/studio/7.0/toolchain/avr8/avr8-gnu-toolchain/bin/../lib/gcc/avr/5.4.0/avr5\libgcc.a(_clear_bss.o)
                              apps/app_clock.o (__do_clear_bss)
c:/program files (x86)/atmel/studio/7.0/toolchain/avr8/avr8-gnu-toolchain/bin/../lib/gcc/avr/5.4.0/avr5\libgcc.a(_prologue.o)
                              c:/program files (x86)/atmel/studio/7.0/toolchain/avr8/avr8-gnu-toolchain/bin/../lib/gcc/avr/5.4.0/../../../../avr/lib/avr5\libprintf_min.a(vfprintf_min.o) (__prologue_saves__)
c:/program files (x86)/atmel/studio/7.0/toolchain/avr8/avr8-gnu-toolchain/bin/../lib/gcc/avr/5.4.0/avr5\libgcc.a(_epilogue.o)
                              c:/program files (x86)/atmel/studio/7.0/toolchain/avr8/avr8-gnu-toolchain/bin/../lib/gcc/avr/5.4.0/../../../../avr/lib/avr5\libprintf_min.a(vfprintf_min.o) (__epilogue_restores__)
c:/program files (x86)/atmel/studio/7.0/toolchain/avr8/avr8-gnu-toolchain/bin/../lib/gcc/avr/5.4.0/avr5\libgcc.a(_udivmodhi4.o)
                              c:/program files (x86)/atmel/studio/7.0/toolchain/avr8/avr8-gnu-toolchain/bin/../lib/gcc/avr/5.4.0/avr5\libgcc.a(_divmodhi4.o) (__udivmodhi4)

Allocating common symbols
Common symbol       size              file

cleanup_pending     0xa               src/fetos_core.o

Discarded input sections

 .data          0x00000000        0x0 C:/Program Files (x86)/Atmel/Studio/7.0/Packs/atmel/ATmega_DFP/1.7.374/gcc/dev/atmega328p/avr5/crtatmega328p.o
 .bss           0x00000000        0x0 C:/Program Files (x86)/Atmel/Studio/7.0/Packs/atmel/ATmega_DFP/1.7.374/gcc/dev/atmega328p/avr5/crtatmega328p.o
 .group         0x00000000        0x8 apps/app_clock.o
 .group         0x00000000        0x8 apps/app_clock.o
 .group         0x00000000        0x8 apps/app_clock.o
 .group         0x00000000        0x8 apps/app_clock.o
 .group         0x00000000        0x8 apps/app_clock.o
 .group         0x00000000        0x8 apps/app_clock.o
 .group         0x00000000        0x8 apps/app_clock.o
 .group         0x00000000        0x8 apps/app_clock.o
 .group         0x00000000        0x8 apps/app_clock.o
 .group         0x00000000        0x8 apps/app_clock.o
 .group         0x00000000        0x8 apps/app_clock.o
 .group         0x00000000        0x8 apps/app_clock.o
 .group         0x00000000        0x8 apps/app_clock.o
 .group         0x00000000        0x8 apps/app_clock.o
 .group         0x00000000        0x8 apps/app_clock.o
 .group         0x00000000        0x8 apps/app_clock.o
 .group         0x00000000        0x8 apps/app_clock.o
 .group         0x00000000        0x8 apps/app_clock.o
 .group         0x00000000        0x8 apps/app_clock.o
 .group         0x00000000        0x8 apps/app_clock.o
 .group         0x00000000        0x8 apps/app_clock.o
 .group         0x00000000        0x8 apps/app_clock.o
 .group         0x00000000        0x8 apps/app_clock.o
 .group         0x00000000        0x8 apps/app_clock.o
 .group         0x00000000        0x8 apps/app_clock.o
 .group         0x00000000        0x8 apps/app_clock.o
 .text          0x00000000        0x0 apps/app_clock.o
 .data          0x00000000        0x0 apps/app_clock.o
 .bss           0x00000000        0x0 apps/app_clock.o
 .group         0x00000000        0x8 apps/app_heart.o
 .group         0x00000000        0x8 apps/app_heart.o
 .group         0x00000000        0x8 apps/app_heart.o
 .group         0x00000000        0x8 apps/app_heart.o
 .group         0x00000000        0x8 apps/app_heart.o
 .group         0x00000000        0x8 apps/app_heart.o
 .group         0x00000000        0x8 apps/app_heart.o
 .group         0x00000000        0x8 apps/app_heart.o
 .group         0x00000000        0x8 apps/app_heart.o
 .group         0x00000000        0x8 apps/app_heart.o
 .group         0x00000000        0x8 apps/app_heart.o
 .group         0x00000000        0x8 apps/app_heart.o
 .group         0x00000000        0x8 apps/app_heart.o
 .group         0x00000000        0x8 apps/app_heart.o
 .group         0x00000000        0x8 apps/app_heart.o
 .group         0x00000000        0x8 apps/app_heart.o
 .group         0x00000000        0x8 apps/app_heart.o
 .group         0x00000000        0x8 apps/app_heart.o
 .group         0x00000000        0x8 apps/app_heart.o
 .group         0x00000000        0x8 apps/app_heart.o
 .group         0x00000000        0x8 apps/app_heart.o
 .group         0x00000000        0x8 apps/app_heart.o
 .group         0x00000000        0x8 apps/app_heart.o
 .group         0x00000000        0x8 apps/app_heart.o
 .group         0x00000000        0x8 apps/app_heart.o
 .group         0x00000000        0x8 apps/app_heart.o
 .text          0x00000000        0x0 apps/app_heart.o
 .data          0x00000000        0x0 apps/app_heart.o
 .bss           0x00000000        0x0 apps/app_heart.o
 .debug_macro   0x00000000      0xa54 apps/app_heart.o
 .debug_macro   0x00000000       0x10 apps/app_heart.o
 .debug_macro   0x00000000      0x1c9 apps/app_heart.o
 .debug_macro   0x00000000      0x2fc apps/app_heart.o
 .debug_macro   0x00000000       0x9e apps/app_heart.o
 .debug_macro   0x00000000     0x1411 apps/app_heart.o
 .debug_macro   0x00000000      0x13a apps/app_heart.o
 .debug_macro   0x00000000       0xbd apps/app_heart.o
 .debug_macro   0x00000000       0x34 apps/app_heart.o
 .debug_macro   0x00000000       0x18 apps/app_heart.o
 .debug_macro   0x00000000       0x6c apps/app_heart.o
 .debug_macro   0x00000000       0x22 apps/app_heart.o
 .debug_macro   0x00000000       0x10 apps/app_heart.o
 .debug_macro   0x00000000       0x10 apps/app_heart.o
 .debug_macro   0x00000000      0x166 apps/app_heart.o
 .debug_macro   0x00000000       0x34 apps/app_heart.o
 .debug_macro   0x00000000       0x58 apps/app_heart.o
 .debug_macro   0x00000000       0x10 apps/app_heart.o
 .debug_macro   0x00000000       0x97 apps/app_heart.o
 .debug_macro   0x00000000       0xf2 apps/app_heart.o
 .debug_macro   0x00000000       0x16 apps/app_heart.o
 .debug_macro   0x00000000       0x20 apps/app_heart.o
 .debug_macro   0x00000000       0x10 apps/app_heart.o
 .debug_macro   0x00000000       0x1c apps/app_heart.o
 .debug_macro   0x00000000       0x97 apps/app_heart.o
 .debug_macro   0x00000000       0x5a apps/app_heart.o
 .group         0x00000000        0x8 apps/app_status.o
 .group         0x00000000        0x8 apps/app_status.o
 .group         0x00000000        0x8 apps/app_status.o
 .group         0x00000000        0x8 apps/app_status.o
 .group         0x00000000        0x8 apps/app_status.o
 .group         0x00000000        0x8 apps/app_status.o
 .group         0x00000000        0x8 apps/app_status.o
 .group         0x00000000        0x8 apps/app_status.o
 .group         0x00000000        0x8 apps/app_status.o
 .group         0x00000000        0x8 apps/app_status.o
 .group         0x00000000        0x8 apps/app_status.o
 .group         0x00000000        0x8 apps/app_status.o
 .group         0x00000000        0x8 apps/app_status.o
 .group         0x00000000        0x8 apps/app_status.o
 .group         0x00000000        0x8 apps/app_status.o
 .group         0x00000000        0x8 apps/app_status.o
 .group         0x00000000        0x8 apps/app_status.o
 .group         0x00000000        0x8 apps/app_status.o
 .group         0x00000000        0x8 apps/app_status.o
 .group         0x00000000        0x8 apps/app_status.o
 .group         0x00000000        0x8 apps/app_status.o
 .group         0x00000000        0x8 apps/app_status.o
 .text          0x00000000        0x0 apps/app_status.o
 .data          0x00000000        0x0 apps/app_status.o
 .bss           0x00000000        0x0 apps/app_status.o
 .debug_macro   0x00000000      0xa54 apps/app_status.o
 .debug_macro   0x00000000       0x10 apps/app_status.o
 .debug_macro   0x00000000      0x1c9 apps/app_status.o
 .debug_macro   0x00000000      0x2fc apps/app_status.o
 .debug_macro   0x00000000       0x9e apps/app_status.o
 .debug_macro   0x00000000     0x1411 apps/app_status.o
 .debug_macro   0x00000000      0x13a apps/app_status.o
 .debug_macro   0x00000000       0xbd apps/app_status.o
 .debug_macro   0x00000000       0x34 apps/app_status.o
 .debug_macro   0x00000000       0x18 apps/app_status.o
 .debug_macro   0x00000000       0x6c apps/app_status.o
 .debug_macro   0x00000000       0x22 apps/app_status.o
 .debug_macro   0x00000000       0x58 apps/app_status.o
 .debug_macro   0x00000000       0x10 apps/app_status.o
 .debug_macro   0x00000000       0x97 apps/app_status.o
 .debug_macro   0x00000000       0xf2 apps/app_status.o
 .debug_macro   0x00000000       0x16 apps/app_status.o
 .debug_macro   0x00000000       0x20 apps/app_status.o
 .debug_macro   0x00000000       0x1c apps/app_status.o
 .debug_macro   0x00000000       0x97 apps/app_status.o
 .debug_macro   0x00000000       0x5a apps/app_status.o
 .group         0x00000000        0x8 main.o
 .group         0x00000000        0x8 main.o
 .group         0x00000000        0x8 main.o
 .group         0x00000000        0x8 main.o
 .group         0x00000000        0x8 main.o
 .group         0x00000000        0x8 main.o
 .group         0x00000000        0x8 main.o
 .group         0x00000000        0x8 main.o
 .group         0x00000000        0x8 main.o
 .group         0x00000000        0x8 main.o
 .group         0x00000000        0x8 main.o
 .group         0x00000000        0x8 main.o
 .group         0x00000000        0x8 main.o
 .group         0x00000000        0x8 main.o
 .group         0x00000000        0x8 main.o
 .group         0x00000000        0x8 main.o
 .group         0x00000000        0x8 main.o
 .group         0x00000000        0x8 main.o
 .text          0x00000000        0x0 main.o
 .data          0x00000000        0x0 main.o
 .bss           0x00000000        0x0 main.o
 .debug_macro   0x00000000      0xa54 main.o
 .debug_macro   0x00000000       0x10 main.o
 .debug_macro   0x00000000      0x1c9 main.o
 .debug_macro   0x00000000      0x2fc main.o
 .debug_macro   0x00000000       0x9e main.o
 .debug_macro   0x00000000     0x1411 main.o
 .debug_macro   0x00000000      0x13a main.o
 .debug_macro   0x00000000       0xbd main.o
 .debug_macro   0x00000000       0x34 main.o
 .debug_macro   0x00000000       0x18 main.o
 .debug_macro   0x00000000       0x6c main.o
 .debug_macro   0x00000000       0x10 main.o
 .debug_macro   0x00000000       0x10 main.o
 .debug_macro   0x00000000      0x166 main.o
 .debug_macro   0x00000000       0x34 main.o
 .debug_macro   0x00000000       0x22 main.o
 .group         0x00000000        0x8 src/fetos_core.o
 .group         0x00000000        0x8 src/fetos_core.o
 .group         0x00000000        0x8 src/fetos_core.o
 .group         0x00000000        0x8 src/fetos_core.o
 .group         0x00000000        0x8 src/fetos_core.o
 .group         0x00000000        0x8 src/fetos_core.o
 .group         0x00000000        0x8 src/fetos_core.o
 .group         0x00000000        0x8 src/fetos_core.o
 .group         0x00000000        0x8 src/fetos_core.o
 .group         0x00000000        0x8 src/fetos_core.o
 .group         0x00000000        0x8 src/fetos_core.o
 .group         0x00000000        0x8 src/fetos_core.o
 .group         0x00000000        0x8 src/fetos_core.o
 .group         0x00000000        0x8 src/fetos_core.o
 .group         0x00000000        0x8 src/fetos_core.o
 .group         0x00000000        0x8 src/fetos_core.o
 .group         0x00000000        0x8 src/fetos_core.o
 .text          0x00000000        0x0 src/fetos_core.o
 .data          0x00000000        0x0 src/fetos_core.o
 .bss           0x00000000        0x0 src/fetos_core.o
 .debug_macro   0x00000000      0xa54 src/fetos_core.o
 .debug_macro   0x00000000       0x10 src/fetos_core.o
 .debug_macro   0x00000000      0x1c9 src/fetos_core.o
 .debug_macro   0x00000000      0x2fc src/fetos_core.o
 .debug_macro   0x00000000       0x9e src/fetos_core.o
 .debug_macro   0x00000000     0x1411 src/fetos_core.o
 .debug_macro   0x00000000      0x13a src/fetos_core.o
 .debug_macro   0x00000000       0xbd src/fetos_core.o
 .debug_macro   0x00000000       0x34 src/fetos_core.o
 .debug_macro   0x00000000       0x18 src/fetos_core.o
 .debug_macro   0x00000000       0x6c src/fetos_core.o
 .debug_macro   0x00000000       0x22 src/fetos_core.o
 .debug_macro   0x00000000       0x10 src/fetos_core.o
 .debug_macro   0x00000000       0x10 src/fetos_core.o
 .debug_macro   0x00000000      0x166 src/fetos_core.o
 .debug_macro   0x00000000       0x34 src/fetos_core.o
 .debug_macro   0x00000000       0x2e src/fetos_core.o
 .group         0x00000000        0x8 src/fetos_hw.o
 .group         0x00000000        0x8 src/fetos_hw.o
 .group         0x00000000        0x8 src/fetos_hw.o
 .group         0x00000000        0x8 src/fetos_hw.o
 .group         0x00000000        0x8 src/fetos_hw.o
 .group         0x00000000        0x8 src/fetos_hw.o
 .group         0x00000000        0x8 src/fetos_hw.o
 .group         0x00000000        0x8 src/fetos_hw.o
 .group         0x00000000        0x8 src/fetos_hw.o
 .group         0x00000000        0x8 src/fetos_hw.o
 .group         0x00000000        0x8 src/fetos_hw.o
 .group         0x00000000        0x8 src/fetos_hw.o
 .group         0x00000000        0x8 src/fetos_hw.o
 .group         0x00000000        0x8 src/fetos_hw.o
 .group         0x00000000        0x8 src/fetos_hw.o
 .group         0x00000000        0x8 src/fetos_hw.o
 .text          0x00000000        0x0 src/fetos_hw.o
 .data          0x00000000        0x0 src/fetos_hw.o
 .bss           0x00000000        0x0 src/fetos_hw.o
 .text.fetos_pwm_set
                0x00000000       0x16 src/fetos_hw.o
 .text.usart_init
                0x00000000       0x2c src/fetos_hw.o
 .text.usart_send_string
                0x00000000       0x18 src/fetos_hw.o
 .debug_macro   0x00000000      0xa54 src/fetos_hw.o
 .debug_macro   0x00000000       0x10 src/fetos_hw.o
 .debug_macro   0x00000000       0x10 src/fetos_hw.o
 .debug_macro   0x00000000      0x1c9 src/fetos_hw.o
 .debug_macro   0x00000000      0x2fc src/fetos_hw.o
 .debug_macro   0x00000000       0x9e src/fetos_hw.o
 .debug_macro   0x00000000     0x1411 src/fetos_hw.o
 .debug_macro   0x00000000      0x13a src/fetos_hw.o
 .debug_macro   0x00000000       0xbd src/fetos_hw.o
 .debug_macro   0x00000000       0x34 src/fetos_hw.o
 .debug_macro   0x00000000       0x18 src/fetos_hw.o
 .debug_macro   0x00000000       0x6c src/fetos_hw.o
 .debug_macro   0x00000000       0x10 src/fetos_hw.o
 .debug_macro   0x00000000      0x166 src/fetos_hw.o
 .debug_macro   0x00000000       0x34 src/fetos_hw.o
 .debug_macro   0x00000000       0x69 src/fetos_hw.o
 .group         0x00000000        0x8 src/fetos_io.o
 .group         0x00000000        0x8 src/fetos_io.o
 .group         0x00000000        0x8 src/fetos_io.o
 .group         0x00000000        0x8 src/fetos_io.o
 .group         0x00000000        0x8 src/fetos_io.o
 .group         0x00000000        0x8 src/fetos_io.o
 .group         0x00000000        0x8 src/fetos_io.o
 .group         0x00000000        0x8 src/fetos_io.o
 .group         0x00000000        0x8 src/fetos_io.o
 .group         0x00000000        0x8 src/fetos_io.o
 .group         0x00000000        0x8 src/fetos_io.o
 .group         0x00000000        0x8 src/fetos_io.o
 .group         0x00000000        0x8 src/fetos_io.o
 .group         0x00000000        0x8 src/fetos_io.o
 .group         0x00000000        0x8 src/fetos_io.o
 .group         0x00000000        0x8 src/fetos_io.o
 .text          0x00000000        0x0 src/fetos_io.o
 .data          0x00000000        0x0 src/fetos_io.o
 .bss           0x00000000        0x0 src/fetos_io.o
 .debug_macro   0x00000000      0xa54 src/fetos_io.o
 .debug_macro   0x00000000       0x10 src/fetos_io.o
 .debug_macro   0x00000000      0x1c9 src/fetos_io.o
 .debug_macro   0x00000000      0x2fc src/fetos_io.o
 .debug_macro   0x00000000       0x9e src/fetos_io.o
 .debug_macro   0x00000000     0x1411 src/fetos_io.o
 .debug_macro   0x00000000      0x13a src/fetos_io.o
 .debug_macro   0x00000000       0xbd src/fetos_io.o
 .debug_macro   0x00000000       0x34 src/fetos_io.o
 .debug_macro   0x00000000       0x18 src/fetos_io.o
 .debug_macro   0x00000000       0x6c src/fetos_io.o
 .debug_macro   0x00000000       0x22 src/fetos_io.o
 .debug_macro   0x00000000       0x10 src/fetos_io.o
 .debug_macro   0x00000000       0x10 src/fetos_io.o
 .debug_macro   0x00000000      0x166 src/fetos_io.o
 .debug_macro   0x00000000       0x34 src/fetos_io.o
 .group         0x00000000        0x8 src/fetos_lcd.o
 .group         0x00000000        0x8 src/fetos_lcd.o
 .group         0x00000000        0x8 src/fetos_lcd.o
 .group         0x00000000        0x8 src/fetos_lcd.o
 .group         0x00000000        0x8 src/fetos_lcd.o
 .group         0x00000000        0x8 src/fetos_lcd.o
 .group         0x00000000        0x8 src/fetos_lcd.o
 .group         0x00000000        0x8 src/fetos_lcd.o
 .group         0x00000000        0x8 src/fetos_lcd.o
 .group         0x00000000        0x8 src/fetos_lcd.o
 .group         0x00000000        0x8 src/fetos_lcd.o
 .group         0x00000000        0x8 src/fetos_lcd.o
 .group         0x00000000        0x8 src/fetos_lcd.o
 .group         0x00000000        0x8 src/fetos_lcd.o
 .group         0x00000000        0x8 src/fetos_lcd.o
 .text          0x00000000        0x0 src/fetos_lcd.o
 .data          0x00000000        0x0 src/fetos_lcd.o
 .bss           0x00000000        0x0 src/fetos_lcd.o
 .debug_macro   0x00000000      0xa54 src/fetos_lcd.o
 .debug_macro   0x00000000       0x10 src/fetos_lcd.o
 .debug_macro   0x00000000      0x1c9 src/fetos_lcd.o
 .debug_macro   0x00000000      0x2fc src/fetos_lcd.o
 .debug_macro   0x00000000       0x9e src/fetos_lcd.o
 .debug_macro   0x00000000     0x1411 src/fetos_lcd.o
 .debug_macro   0x00000000      0x13a src/fetos_lcd.o
 .debug_macro   0x00000000       0xbd src/fetos_lcd.o
 .debug_macro   0x00000000       0x34 src/fetos_lcd.o
 .debug_macro   0x00000000       0x18 src/fetos_lcd.o
 .debug_macro   0x00000000       0x6c src/fetos_lcd.o
 .debug_macro   0x00000000       0x22 src/fetos_lcd.o
 .debug_macro   0x00000000       0x10 src/fetos_lcd.o
 .debug_macro   0x00000000      0x166 src/fetos_lcd.o
 .group         0x00000000        0x8 src/fetos_ui.o
 .group         0x00000000        0x8 src/fetos_ui.o
 .group         0x00000000        0x8 src/fetos_ui.o
 .group         0x00000000        0x8 src/fetos_ui.o
 .group         0x00000000        0x8 src/fetos_ui.o
 .group         0x00000000        0x8 src/fetos_ui.o
 .group         0x00000000        0x8 src/fetos_ui.o
 .group         0x00000000        0x8 src/fetos_ui.o
 .group         0x00000000        0x8 src/fetos_ui.o
 .group         0x00000000        0x8 src/fetos_ui.o
 .group         0x00000000        0x8 src/fetos_ui.o
 .group         0x00000000        0x8 src/fetos_ui.o
 .group         0x00000000        0x8 src/fetos_ui.o
 .group         0x00000000        0x8 src/fetos_ui.o
 .group         0x00000000        0x8 src/fetos_ui.o
 .group         0x00000000        0x8 src/fetos_ui.o
 .group         0x00000000        0x8 src/fetos_ui.o
 .group         0x00000000        0x8 src/fetos_ui.o
 .group         0x00000000        0x8 src/fetos_ui.o
 .group         0x00000000        0x8 src/fetos_ui.o
 .text          0x00000000        0x0 src/fetos_ui.o
 .data          0x00000000        0x0 src/fetos_ui.o
 .bss           0x00000000        0x0 src/fetos_ui.o
 .debug_macro   0x00000000      0xa54 src/fetos_ui.o
 .debug_macro   0x00000000      0x1c9 src/fetos_ui.o
 .debug_macro   0x00000000       0x22 src/fetos_ui.o
 .debug_macro   0x00000000       0x10 src/fetos_ui.o
 .debug_macro   0x00000000       0x9e src/fetos_ui.o
 .debug_macro   0x00000000     0x1411 src/fetos_ui.o
 .debug_macro   0x00000000      0x13a src/fetos_ui.o
 .debug_macro   0x00000000       0xbd src/fetos_ui.o
 .debug_macro   0x00000000       0x34 src/fetos_ui.o
 .debug_macro   0x00000000       0x18 src/fetos_ui.o
 .debug_macro   0x00000000       0x6c src/fetos_ui.o
 .debug_macro   0x00000000       0x2e src/fetos_ui.o
 .debug_macro   0x00000000       0x10 src/fetos_ui.o
 .debug_macro   0x00000000      0x166 src/fetos_ui.o
 .debug_macro   0x00000000       0x34 src/fetos_ui.o
 .debug_macro   0x00000000       0x58 src/fetos_ui.o
 .debug_macro   0x00000000       0x10 src/fetos_ui.o
 .debug_macro   0x00000000       0x97 src/fetos_ui.o
 .debug_macro   0x00000000       0xf2 src/fetos_ui.o
 .text          0x00000000        0x0 c:/program files (x86)/atmel/studio/7.0/toolchain/avr8/avr8-gnu-toolchain/bin/../lib/gcc/avr/5.4.0/../../../../avr/lib/avr5\libprintf_min.a(vfprintf_min.o)
 .data          0x00000000        0x0 c:/program files (x86)/atmel/studio/7.0/toolchain/avr8/avr8-gnu-toolchain/bin/../lib/gcc/avr/5.4.0/../../../../avr/lib/avr5\libprintf_min.a(vfprintf_min.o)
 .bss           0x00000000        0x0 c:/program files (x86)/atmel/studio/7.0/toolchain/avr8/avr8-gnu-toolchain/bin/../lib/gcc/avr/5.4.0/../../../../avr/lib/avr5\libprintf_min.a(vfprintf_min.o)
 .text          0x00000000        0x0 c:/program files (x86)/atmel/studio/7.0/toolchain/avr8/avr8-gnu-toolchain/bin/../lib/gcc/avr/5.4.0/../../../../avr/lib/avr5\libc.a(exit.o)
 .data          0x00000000        0x0 c:/program files (x86)/atmel/studio/7.0/toolchain/avr8/avr8-gnu-toolchain/bin/../lib/gcc/avr/5.4.0/../../../../avr/lib/avr5\libc.a(exit.o)
 .bss           0x00000000        0x0 c:/program files (x86)/atmel/studio/7.0/toolchain/avr8/avr8-gnu-toolchain/bin/../lib/gcc/avr/5.4.0/../../../../avr/lib/avr5\libc.a(exit.o)
 .text          0x00000000        0x0 c:/program files (x86)/atmel/studio/7.0/toolchain/avr8/avr8-gnu-toolchain/bin/../lib/gcc/avr/5.4.0/../../../../avr/lib/avr5\libc.a(strchr_P.o)
 .data          0x00000000        0x0 c:/program files (x86)/atmel/studio/7.0/toolchain/avr8/avr8-gnu-toolchain/bin/../lib/gcc/avr/5.4.0/../../../../avr/lib/avr5\libc.a(strchr_P.o)
 .bss           0x00000000        0x0 c:/program files (x86)/atmel/studio/7.0/toolchain/avr8/avr8-gnu-toolchain/bin/../lib/gcc/avr/5.4.0/../../../../avr/lib/avr5\libc.a(strchr_P.o)
 .text          0x00000000        0x0 c:/program files (x86)/atmel/studio/7.0/toolchain/avr8/avr8-gnu-toolchain/bin/../lib/gcc/avr/5.4.0/../../../../avr/lib/avr5\libc.a(fputc.o)
 .data          0x00000000        0x0 c:/program files (x86)/atmel/studio/7.0/toolchain/avr8/avr8-gnu-toolchain/bin/../lib/gcc/avr/5.4.0/../../../../avr/lib/avr5\libc.a(fputc.o)
 .bss           0x00000000        0x0 c:/program files (x86)/atmel/studio/7.0/toolchain/avr8/avr8-gnu-toolchain/bin/../lib/gcc/avr/5.4.0/../../../../avr/lib/avr5\libc.a(fputc.o)
 .text          0x00000000        0x0 c:/program files (x86)/atmel/studio/7.0/toolchain/avr8/avr8-gnu-toolchain/bin/../lib/gcc/avr/5.4.0/../../../../avr/lib/avr5\libc.a(snprintf.o)
 .data          0x00000000        0x0 c:/program files (x86)/atmel/studio/7.0/toolchain/avr8/avr8-gnu-toolchain/bin/../lib/gcc/avr/5.4.0/../../../../avr/lib/avr5\libc.a(snprintf.o)
 .bss           0x00000000        0x0 c:/program files (x86)/atmel/studio/7.0/toolchain/avr8/avr8-gnu-toolchain/bin/../lib/gcc/avr/5.4.0/../../../../avr/lib/avr5\libc.a(snprintf.o)
 .text          0x00000000        0x0 c:/program files (x86)/atmel/studio/7.0/toolchain/avr8/avr8-gnu-toolchain/bin/../lib/gcc/avr/5.4.0/../../../../avr/lib/avr5\libc.a(ultoa_invert.o)
 .data          0x00000000        0x0 c:/program files (x86)/atmel/studio/7.0/toolchain/avr8/avr8-gnu-toolchain/bin/../lib/gcc/avr/5.4.0/../../../../avr/lib/avr5\libc.a(ultoa_invert.o)
 .bss           0x00000000        0x0 c:/program files (x86)/atmel/studio/7.0/toolchain/avr8/avr8-gnu-toolchain/bin/../lib/gcc/avr/5.4.0/../../../../avr/lib/avr5\libc.a(ultoa_invert.o)
 .text          0x00000000        0x0 c:/program files (x86)/atmel/studio/7.0/toolchain/avr8/avr8-gnu-toolchain/bin/../lib/gcc/avr/5.4.0/avr5\libgcc.a(_divmodhi4.o)
 .data          0x00000000        0x0 c:/program files (x86)/atmel/studio/7.0/toolchain/avr8/avr8-gnu-toolchain/bin/../lib/gcc/avr/5.4.0/avr5\libgcc.a(_divmodhi4.o)
 .bss           0x00000000        0x0 c:/program files (x86)/atmel/studio/7.0/toolchain/avr8/avr8-gnu-toolchain/bin/../lib/gcc/avr/5.4.0/avr5\libgcc.a(_divmodhi4.o)
 .text.libgcc.mul
                0x00000000        0x0 c:/program files (x86)/atmel/studio/7.0/toolchain/avr8/avr8-gnu-toolchain/bin/../lib/gcc/avr/5.4.0/avr5\libgcc.a(_divmodhi4.o)
 .text.libgcc   0x00000000        0x0 c:/program files (x86)/atmel/studio/7.0/toolchain/avr8/avr8-gnu-toolchain/bin/../lib/gcc/avr/5.4.0/avr5\libgcc.a(_divmodhi4.o)
 .text.libgcc.prologue
                0x00000000        0x0 c:/program files (x86)/atmel/studio/7.0/toolchain/avr8/avr8-gnu-toolchain/bin/../lib/gcc/avr/5.4.0/avr5\libgcc.a(_divmodhi4.o)
 .text.libgcc.builtins
                0x00000000        0x0 c:/program files (x86)/atmel/studio/7.0/toolchain/avr8/avr8-gnu-toolchain/bin/../lib/gcc/avr/5.4.0/avr5\libgcc.a(_divmodhi4.o)
 .text.libgcc.fmul
                0x00000000        0x0 c:/program files (x86)/atmel/studio/7.0/toolchain/avr8/avr8-gnu-toolchain/bin/../lib/gcc/avr/5.4.0/avr5\libgcc.a(_divmodhi4.o)
 .text.libgcc.fixed
                0x00000000        0x0 c:/program files (x86)/atmel/studio/7.0/toolchain/avr8/avr8-gnu-toolchain/bin/../lib/gcc/avr/5.4.0/avr5\libgcc.a(_divmodhi4.o)
 .text          0x00000000        0x0 c:/program files (x86)/atmel/studio/7.0/toolchain/avr8/avr8-gnu-toolchain/bin/../lib/gcc/avr/5.4.0/avr5\libgcc.a(_udivmodsi4.o)
 .data          0x00000000        0x0 c:/program files (x86)/atmel/studio/7.0/toolchain/avr8/avr8-gnu-toolchain/bin/../lib/gcc/avr/5.4.0/avr5\libgcc.a(_udivmodsi4.o)
 .bss           0x00000000        0x0 c:/program files (x86)/atmel/studio/7.0/toolchain/avr8/avr8-gnu-toolchain/bin/../lib/gcc/avr/5.4.0/avr5\libgcc.a(_udivmodsi4.o)
 .text.libgcc.mul
                0x00000000        0x0 c:/program files (x86)/atmel/studio/7.0/toolchain/avr8/avr8-gnu-toolchain/bin/../lib/gcc/avr/5.4.0/avr5\libgcc.a(_udivmodsi4.o)
 .text.libgcc   0x00000000        0x0 c:/program files (x86)/atmel/studio/7.0/toolchain/avr8/avr8-gnu-toolchain/bin/../lib/gcc/avr/5.4.0/avr5\libgcc.a(_udivmodsi4.o)
 .text.libgcc.prologue
                0x00000000        0x0 c:/program files (x86)/atmel/studio/7.0/toolchain/avr8/avr8-gnu-toolchain/bin/../lib/gcc/avr/5.4.0/avr5\libgcc.a(_udivmodsi4.o)
 .text.libgcc.builtins
                0x00000000        0x0 c:/program files (x86)/atmel/studio/7.0/toolchain/avr8/avr8-gnu-toolchain/bin/../lib/gcc/avr/5.4.0/avr5\libgcc.a(_udivmodsi4.o)
 .text.libgcc.fmul
                0x00000000        0x0 c:/program files (x86)/atmel/studio/7.0/toolchain/avr8/avr8-gnu-toolchain/bin/../lib/gcc/avr/5.4.0/avr5\libgcc.a(_udivmodsi4.o)
 .text.libgcc.fixed
                0x00000000        0x0 c:/program files (x86)/atmel/studio/7.0/toolchain/avr8/avr8-gnu-toolchain/bin/../lib/gcc/avr/5.4.0/avr5\libgcc.a(_udivmodsi4.o)
 .text          0x00000000        0x0 c:/program files (x86)/atmel/studio/7.0/toolchain/avr8/avr8-gnu-toolchain/bin/../lib/gcc/avr/5.4.0/avr5\libgcc.a(_exit.o)
 .data          0x00000000        0x0 c:/program files (x86)/atmel/studio/7.0/toolchain/avr8/avr8-gnu-toolchain/bin/../lib/gcc/avr/5.4.0/avr5\libgcc.a(_exit.o)
 .bss           0x00000000        0x0 c:/program files (x86)/atmel/studio/7.0/toolchain/avr8/avr8-gnu-toolchain/bin/../lib/gcc/avr/5.4.0/avr5\libgcc.a(_exit.o)
 .text.libgcc.mul
                0x00000000        0x0 c:/program files (x86)/atmel/studio/7.0/toolchain/avr8/avr8-gnu-toolchain/bin/../lib/gcc/avr/5.4.0/avr5\libgcc.a(_exit.o)
 .text.libgcc.div
                0x00000000        0x0 c:/program files (x86)/atmel/studio/7.0/toolchain/avr8/avr8-gnu-toolchain/bin/../lib/gcc/avr/5.4.0/avr5\libgcc.a(_exit.o)
 .text.libgcc   0x00000000        0x0 c:/program files (x86)/atmel/studio/7.0/toolchain/avr8/avr8-gnu-toolchain/bin/../lib/gcc/avr/5.4.0/avr5\libgcc.a(_exit.o)
 .text.libgcc.prologue
                0x00000000        0x0 c:/program files (x86)/atmel/studio/7.0/toolchain/avr8/avr8-gnu-toolchain/bin/../lib/gcc/avr/5.4.0/avr5\libgcc.a(_exit.o)
 .text.libgcc.builtins
                0x00000000        0x0 c:/program files (x86)/atmel/studio/7.0/toolchain/avr8/avr8-gnu-toolchain/bin/../lib/gcc/avr/5.4.0/avr5\libgcc.a(_exit.o)
 .text.libgcc.fmul
                0x00000000        0x0 c:/program files (x86)/atmel/studio/7.0/toolchain/avr8/avr8-gnu-toolchain/bin/../lib/gcc/avr/5.4.0/avr5\libgcc.a(_exit.o)
 .text.libgcc.fixed
                0x00000000        0x0 c:/program files (x86)/atmel/studio/7.0/toolchain/avr8/avr8-gnu-toolchain/bin/../lib/gcc/avr/5.4.0/avr5\libgcc.a(_exit.o)
 .text          0x00000000        0x0 c:/program files (x86)/atmel/studio/7.0/toolchain/avr8/avr8-gnu-toolchain/bin/../lib/gcc/avr/5.4.0/avr5\libgcc.a(_copy_data.o)
 .data          0x00000000        0x0 c:/program files (x86)/atmel/studio/7.0/toolchain/avr8/avr8-gnu-toolchain/bin/../lib/gcc/avr/5.4.0/avr5\libgcc.a(_copy_data.o)
 .bss           0x00000000        0x0 c:/program files (x86)/atmel/studio/7.0/toolchain/avr8/avr8-gnu-toolchain/bin/../lib/gcc/avr/5.4.0/avr5\libgcc.a(_copy_data.o)
 .text.libgcc.mul
                0x00000000        0x0 c:/program files (x86)/atmel/studio/7.0/toolchain/avr8/avr8-gnu-toolchain/bin/../lib/gcc/avr/5.4.0/avr5\libgcc.a(_copy_data.o)
 .text.libgcc.div
                0x00000000        0x0 c:/program files (x86)/atmel/studio/7.0/toolchain/avr8/avr8-gnu-toolchain/bin/../lib/gcc/avr/5.4.0/avr5\libgcc.a(_copy_data.o)
 .text.libgcc   0x00000000        0x0 c:/program files (x86)/atmel/studio/7.0/toolchain/avr8/avr8-gnu-toolchain/bin/../lib/gcc/avr/5.4.0/avr5\libgcc.a(_copy_data.o)
 .text.libgcc.prologue
                0x00000000        0x0 c:/program files (x86)/atmel/studio/7.0/toolchain/avr8/avr8-gnu-toolchain/bin/../lib/gcc/avr/5.4.0/avr5\libgcc.a(_copy_data.o)
 .text.libgcc.builtins
                0x00000000        0x0 c:/program files (x86)/atmel/studio/7.0/toolchain/avr8/avr8-gnu-toolchain/bin/../lib/gcc/avr/5.4.0/avr5\libgcc.a(_copy_data.o)
 .text.libgcc.fmul
                0x00000000        0x0 c:/program files (x86)/atmel/studio/7.0/toolchain/avr8/avr8-gnu-toolchain/bin/../lib/gcc/avr/5.4.0/avr5\libgcc.a(_copy_data.o)
 .text.libgcc.fixed
                0x00000000        0x0 c:/program files (x86)/atmel/studio/7.0/toolchain/avr8/avr8-gnu-toolchain/bin/../lib/gcc/avr/5.4.0/avr5\libgcc.a(_copy_data.o)
 .text          0x00000000        0x0 c:/program files (x86)/atmel/studio/7.0/toolchain/avr8/avr8-gnu-toolchain/bin/../lib/gcc/avr/5.4.0/avr5\libgcc.a(_clear_bss.o)
 .data          0x00000000        0x0 c:/program files (x86)/atmel/studio/7.0/toolchain/avr8/avr8-gnu-toolchain/bin/../lib/gcc/avr/5.4.0/avr5\libgcc.a(_clear_bss.o)
 .bss           0x00000000        0x0 c:/program files (x86)/atmel/studio/7.0/toolchain/avr8/avr8-gnu-toolchain/bin/../lib/gcc/avr/5.4.0/avr5\libgcc.a(_clear_bss.o)
 .text.libgcc.mul
                0x00000000        0x0 c:/program files (x86)/atmel/studio/7.0/toolchain/avr8/avr8-gnu-toolchain/bin/../lib/gcc/avr/5.4.0/avr5\libgcc.a(_clear_bss.o)
 .text.libgcc.div
                0x00000000        0x0 c:/program files (x86)/atmel/studio/7.0/toolchain/avr8/avr8-gnu-toolchain/bin/../lib/gcc/avr/5.4.0/avr5\libgcc.a(_clear_bss.o)
 .text.libgcc   0x00000000        0x0 c:/program files (x86)/atmel/studio/7.0/toolchain/avr8/avr8-gnu-toolchain/bin/../lib/gcc/avr/5.4.0/avr5\libgcc.a(_clear_bss.o)
 .text.libgcc.prologue
                0x00000000        0x0 c:/program files (x86)/atmel/studio/7.0/toolchain/avr8/avr8-gnu-toolchain/bin/../lib/gcc/avr/5.4.0/avr5\libgcc.a(_clear_bss.o)
 .text.libgcc.builtins
                0x00000000        0x0 c:/program files (x86)/atmel/studio/7.0/toolchain/avr8/avr8-gnu-toolchain/bin/../lib/gcc/avr/5.4.0/avr5\libgcc.a(_clear_bss.o)
 .text.libgcc.fmul
                0x00000000        0x0 c:/program files (x86)/atmel/studio/7.0/toolchain/avr8/avr8-gnu-toolchain/bin/../lib/gcc/avr/5.4.0/avr5\libgcc.a(_clear_bss.o)
 .text.libgcc.fixed
                0x00000000        0x0 c:/program files (x86)/atmel/studio/7.0/toolchain/avr8/avr8-gnu-toolchain/bin/../lib/gcc/avr/5.4.0/avr5\libgcc.a(_clear_bss.o)
 .text          0x00000000        0x0 c:/program files (x86)/atmel/studio/7.0/toolchain/avr8/avr8-gnu-toolchain/bin/../lib/gcc/avr/5.4.0/avr5\libgcc.a(_prologue.o)
 .data          0x00000000        0x0 c:/program files (x86)/atmel/studio/7.0/toolchain/avr8/avr8-gnu-toolchain/bin/../lib/gcc/avr/5.4.0/avr5\libgcc.a(_prologue.o)
 .bss           0x00000000        0x0 c:/program files (x86)/atmel/studio/7.0/toolchain/avr8/avr8-gnu-toolchain/bin/../lib/gcc/avr/5.4.0/avr5\libgcc.a(_prologue.o)
 .text.libgcc.mul
                0x00000000        0x0 c:/program files (x86)/atmel/studio/7.0/toolchain/avr8/avr8-gnu-toolchain/bin/../lib/gcc/avr/5.4.0/avr5\libgcc.a(_prologue.o)
 .text.libgcc.div
                0x00000000        0x0 c:/program files (x86)/atmel/studio/7.0/toolchain/avr8/avr8-gnu-toolchain/bin/../lib/gcc/avr/5.4.0/avr5\libgcc.a(_prologue.o)
 .text.libgcc   0x00000000        0x0 c:/program files (x86)/atmel/studio/7.0/toolchain/avr8/avr8-gnu-toolchain/bin/../lib/gcc/avr/5.4.0/avr5\libgcc.a(_prologue.o)
 .text.libgcc.builtins
                0x00000000        0x0 c:/program files (x86)/atmel/studio/7.0/toolchain/avr8/avr8-gnu-toolchain/bin/../lib/gcc/avr/5.4.0/avr5\libgcc.a(_prologue.o)
 .text.libgcc.fmul
                0x00000000        0x0 c:/program files (x86)/atmel/studio/7.0/toolchain/avr8/avr8-gnu-toolchain/bin/../lib/gcc/avr/5.4.0/avr5\libgcc.a(_prologue.o)
 .text.libgcc.fixed
                0x00000000        0x0 c:/program files (x86)/atmel/studio/7.0/toolchain/avr8/avr8-gnu-toolchain/bin/../lib/gcc/avr/5.4.0/avr5\libgcc.a(_prologue.o)
 .text          0x00000000        0x0 c:/program files (x86)/atmel/studio/7.0/toolchain/avr8/avr8-gnu-toolchain/bin/../lib/gcc/avr/5.4.0/avr5\libgcc.a(_epilogue.o)
 .data          0x00000000        0x0 c:/program files (x86)/atmel/studio/7.0/toolchain/avr8/avr8-gnu-toolchain/bin/../lib/gcc/avr/5.4.0/avr5\libgcc.a(_epilogue.o)
 .bss           0x00000000        0x0 c:/program files (x86)/atmel/studio/7.0/toolchain/avr8/avr8-gnu-toolchain/bin/../lib/gcc/avr/5.4.0/avr5\libgcc.a(_epilogue.o)
 .text.libgcc.mul
                0x00000000        0x0 c:/program files (x86)/atmel/studio/7.0/toolchain/avr8/avr8-gnu-toolchain/bin/../lib/gcc/avr/5.4.0/avr5\libgcc.a(_epilogue.o)
 .text.libgcc.div
                0x00000000        0x0 c:/program files (x86)/atmel/studio/7.0/toolchain/avr8/avr8-gnu-toolchain/bin/../lib/gcc/avr/5.4.0/avr5\libgcc.a(_epilogue.o)
 .text.libgcc   0x00000000        0x0 c:/program files (x86)/atmel/studio/7.0/toolchain/avr8/avr8-gnu-toolchain/bin/../lib/gcc/avr/5.4.0/avr5\libgcc.a(_epilogue.o)
 .text.libgcc.builtins
                0x00000000        0x0 c:/program files (x86)/atmel/studio/7.0/toolchain/avr8/avr8-gnu-toolchain/bin/../lib/gcc/avr/5.4.0/avr5\libgcc.a(_epilogue.o)
 .text.libgcc.fmul
                0x00000000        0x0 c:/program files (x86)/atmel/studio/7.0/toolchain/avr8/avr8-gnu-toolchain/bin/../lib/gcc/avr/5.4.0/avr5\libgcc.a(_epilogue.o)
 .text.libgcc.fixed
                0x00000000        0x0 c:/program files (x86)/atmel/studio/7.0/toolchain/avr8/avr8-gnu-toolchain/bin/../lib/gcc/avr/5.4.0/avr5\libgcc.a(_epilogue.o)
 .text          0x00000000        0x0 c:/program files (x86)/atmel/studio/7.0/toolchain/avr8/avr8-gnu-toolchain/bin/../lib/gcc/avr/5.4.0/avr5\libgcc.a(_udivmodhi4.o)
 .data          0x00000000        0x0 c:/program files (x86)/atmel/studio/7.0/toolchain/avr8/avr8-gnu-toolchain/bin/../lib/gcc/avr/5.4.0/avr5\libgcc.a(_udivmodhi4.o)
 .bss           0x00000000        0x0 c:/program files (x86)/atmel/studio/7.0/toolchain/avr8/avr8-gnu-toolchain/bin/../lib/gcc/avr/5.4.0/avr5\libgcc.a(_udivmodhi4.o)
 .text.libgcc.mul
                0x00000000        0x0 c:/program files (x86)/atmel/studio/7.0/toolchain/avr8/avr8-gnu-toolchain/bin/../lib/gcc/avr/5.4.0/avr5\libgcc.a(_udivmodhi4.o)
 .text.libgcc   0x00000000        0x0 c:/program files (x86)/atmel/studio/7.0/toolchain/avr8/avr8-gnu-toolchain/bin/../lib/gcc/avr/5.4.0/avr5\libgcc.a(_udivmodhi4.o)
 .text.libgcc.prologue
                0x00000000        0x0 c:/program files (x86)/atmel/studio/7.0/toolchain/avr8/avr8-gnu-toolchain/bin/../lib/gcc/avr/5.4.0/avr5\libgcc.a(_udivmodhi4.o)
 .text.libgcc.builtins
                0x00000000        0x0 c:/program files (x86)/atmel/studio/7.0/toolchain/avr8/avr8-gnu-toolchain/bin/../lib/gcc/avr/5.4.0/avr5\libgcc.a(_udivmodhi4.o)
 .text.libgcc.fmul
                0x00000000        0x0 c:/program files (x86)/atmel/studio/7.0/toolchain/avr8/avr8-gnu-toolchain/bin/../lib/gcc/avr/5.4.0/avr5\libgcc.a(_udivmodhi4.o)
 .text.libgcc.fixed
                0x00000000        0x0 c:/program files (x86)/atmel/studio/7.0/toolchain/avr8/avr8-gnu-toolchain/bin/../lib/gcc/avr/5.4.0/avr5\libgcc.a(_udivmodhi4.o)

Memory Configuration

Name             Origin             Length             Attributes
text             0x00000000         0x00008000         xr
data             0x00800100         0x00000800         rw !x
eeprom           0x00810000         0x00000400         rw !x
fuse             0x00820000         0x00000003         rw !x
lock             0x00830000         0x00000400         rw !x
signature        0x00840000         0x00000400         rw !x
user_signatures  0x00850000         0x00000400         rw !x
*default*        0x00000000         0xffffffff

Linker script and memory map

Address of section .data set to 0x800100
LOAD C:/Program Files (x86)/Atmel/Studio/7.0/Packs/atmel/ATmega_DFP/1.7.374/gcc/dev/atmega328p/avr5/crtatmega328p.o
LOAD apps/app_clock.o
LOAD apps/app_heart.o
LOAD apps/app_status.o
LOAD main.o
LOAD src/fetos_core.o
LOAD src/fetos_hw.o
LOAD src/fetos_io.o
LOAD src/fetos_lcd.o
LOAD src/fetos_ui.o
START GROUP
LOAD c:/program files (x86)/atmel/studio/7.0/toolchain/avr8/avr8-gnu-toolchain/bin/../lib/gcc/avr/5.4.0/../../../../avr/lib/avr5\libm.a
LOAD c:/program files (x86)/atmel/studio/7.0/toolchain/avr8/avr8-gnu-toolchain/bin/../lib/gcc/avr/5.4.0/../../../../avr/lib/avr5\libprintf_min.a
LOAD c:/program files (x86)/atmel/studio/7.0/toolchain/avr8/avr8-gnu-toolchain/bin/../lib/gcc/avr/5.4.0/../../../../avr/lib/avr5\libc.a
LOAD c:/program files (x86)/atmel/studio/7.0/toolchain/avr8/avr8-gnu-toolchain/bin/../lib/gcc/avr/5.4.0/avr5\libgcc.a
END GROUP
LOAD c:/program files (x86)/atmel/studio/7.0/toolchain/avr8/avr8-gnu-toolchain/bin/../lib/gcc/avr/5.4.0/../../../../avr/lib/avr5\libprintf_min.a
LOAD c:/program files (x86)/atmel/studio/7.0/toolchain/avr8/avr8-gnu-toolchain/bin/../lib/gcc/avr/5.4.0/avr5\libgcc.a
                0x00000000                __TEXT_REGION_ORIGIN__ = DEFINED (__TEXT_REGION_ORIGIN__)?__TEXT_REGION_ORIGIN__:0x0
                [0x00800100]                __DATA_REGION_ORIGIN__ = DEFINED (__DATA_REGION_ORIGIN__)?__DATA_REGION_ORIGIN__:0x800060
                [0x00008000]                __TEXT_REGION_LENGTH__ = DEFINED (__TEXT_REGION_LENGTH__)?__TEXT_REGION_LENGTH__:0x20000
                [0x00000800]                __DATA_REGION_LENGTH__ = DEFINED (__DATA_REGION_LENGTH__)?__DATA_REGION_LENGTH__:0xffa0
                [0x00000400]                __EEPROM_REGION_LENGTH__ = DEFINED (__EEPROM_REGION_LENGTH__)?__EEPROM_REGION_LENGTH__:0x10000
                [0x00000003]                __FUSE_REGION_LENGTH__ = DEFINED (__FUSE_REGION_LENGTH__)?__FUSE_REGION_LENGTH__:0x400
                0x00000400                __LOCK_REGION_LENGTH__ = DEFINED (__LOCK_REGION_LENGTH__)?__LOCK_REGION_LENGTH__:0x400
                0x00000400                __SIGNATURE_REGION_LENGTH__ = DEFINED (__SIGNATURE_REGION_LENGTH__)?__SIGNATURE_REGION_LENGTH__:0x400
                0x00000400                __USER_SIGNATURE_REGION_LENGTH__ = DEFINED (__USER_SIGNATURE_REGION_LENGTH__)?__USER_SIGNATURE_REGION_LENGTH__:0x400

.hash
 *(.hash)

.dynsym
 *(.dynsym)

.dynstr
 *(.dynstr)

.gnu.version
 *(.gnu.version)

.gnu.version_d
 *(.gnu.version_d)

.gnu.version_r
 *(.gnu.version_r)

.rel.init
 *(.rel.init)

.rela.init
 *(.rela.init)

.rel.text
 *(.rel.text)
 *(.rel.text.*)
 *(.rel.gnu.linkonce.t*)

.rela.text
 *(.rela.text)
 *(.rela.text.*)
 *(.rela.gnu.linkonce.t*)

.rel.fini
 *(.rel.fini)

.rela.fini
 *(.rela.fini)

.rel.rodata
 *(.rel.rodata)
 *(.rel.rodata.*)
 *(.rel.gnu.linkonce.r*)

.rela.rodata
 *(.rela.rodata)
 *(.rela.rodata.*)
 *(.rela.gnu.linkonce.r*)

.rel.data
 *(.rel.data)
 *(.rel.data.*)
 *(.rel.gnu.linkonce.d*)

.rela.data
 *(.rela.data)
 *(.rela.data.*)
 *(.rela.gnu.linkonce.d*)

.rel.ctors
 *(.rel.ctors)

.rela.ctors
 *(.rela.ctors)

.rel.dtors
 *(.rel.dtors)

.rela.dtors
 *(.rela.dtors)

.rel.got
 *(.rel.got)

.rela.got
 *(.rela.got)

.rel.bss
 *(.rel.bss)

.rela.bss
 *(.rela.bss)

.rel.plt
 *(.rel.plt)

.rela.plt
 *(.rela.plt)

.text           0x00000000      0xfb8
 *(.vectors)
 .vectors       0x00000000       0x68 C:/Program Files (x86)/Atmel/Studio/7.0/Packs/atmel/ATmega_DFP/1.7.374/gcc/dev/atmega328p/avr5/crtatmega328p.o
                0x00000000                __vector_default
                0x00000000                __vectors
 *(.vectors)
 *(.progmem.gcc*)
                0x00000068                . = ALIGN (0x2)
                0x00000068                __trampolines_start = .
 *(.trampolines)
 .trampolines   0x00000068        0x0 linker stubs
 *(.trampolines*)
                0x00000068                __trampolines_end = .
 *libprintf_flt.a:*(.progmem.data)
 *libc.a:*(.progmem.data)
 *(.progmem*)
 .progmem.data  0x00000068       0x17 c:/program files (x86)/atmel/studio/7.0/toolchain/avr8/avr8-gnu-toolchain/bin/../lib/gcc/avr/5.4.0/../../../../avr/lib/avr5\libprintf_min.a(vfprintf_min.o)
                0x00000080                . = ALIGN (0x2)
 *fill*         0x0000007f        0x1 
 *(.jumptables)
 *(.jumptables*)
 *(.lowtext)
 *(.lowtext*)
                0x00000080                __ctors_start = .
 *(.ctors)
                0x00000080                __ctors_end = .
                0x00000080                __dtors_start = .
 *(.dtors)
                0x00000080                __dtors_end = .
 SORT(*)(.ctors)
 SORT(*)(.dtors)
 *(.init0)
 .init0         0x00000080        0x0 C:/Program Files (x86)/Atmel/Studio/7.0/Packs/atmel/ATmega_DFP/1.7.374/gcc/dev/atmega328p/avr5/crtatmega328p.o
                0x00000080                __init
 *(.init0)
 *(.init1)
 *(.init1)
 *(.init2)
 .init2         0x00000080        0xc C:/Program Files (x86)/Atmel/Studio/7.0/Packs/atmel/ATmega_DFP/1.7.374/gcc/dev/atmega328p/avr5/crtatmega328p.o
 *(.init2)
 *(.init3)
 *(.init3)
 *(.init4)
 .init4         0x0000008c       0x16 c:/program files (x86)/atmel/studio/7.0/toolchain/avr8/avr8-gnu-toolchain/bin/../lib/gcc/avr/5.4.0/avr5\libgcc.a(_copy_data.o)
                0x0000008c                __do_copy_data
 .init4         0x000000a2       0x10 c:/program files (x86)/atmel/studio/7.0/toolchain/avr8/avr8-gnu-toolchain/bin/../lib/gcc/avr/5.4.0/avr5\libgcc.a(_clear_bss.o)
                0x000000a2                __do_clear_bss
 *(.init4)
 *(.init5)
 *(.init5)
 *(.init6)
 *(.init6)
 *(.init7)
 *(.init7)
 *(.init8)
 *(.init8)
 *(.init9)
 .init9         0x000000b2        0x8 C:/Program Files (x86)/Atmel/Studio/7.0/Packs/atmel/ATmega_DFP/1.7.374/gcc/dev/atmega328p/avr5/crtatmega328p.o
 *(.init9)
 *(.text)
 .text          0x000000ba        0x4 C:/Program Files (x86)/Atmel/Studio/7.0/Packs/atmel/ATmega_DFP/1.7.374/gcc/dev/atmega328p/avr5/crtatmega328p.o
                0x000000ba                __vector_22
                0x000000ba                __vector_1
                0x000000ba                __vector_24
                0x000000ba                __vector_12
                0x000000ba                __bad_interrupt
                0x000000ba                __vector_6
                0x000000ba                __vector_3
                0x000000ba                __vector_23
                0x000000ba                __vector_25
                0x000000ba                __vector_11
                0x000000ba                __vector_13
                0x000000ba                __vector_17
                0x000000ba                __vector_19
                0x000000ba                __vector_7
                0x000000ba                __vector_5
                0x000000ba                __vector_4
                0x000000ba                __vector_9
                0x000000ba                __vector_2
                0x000000ba                __vector_21
                0x000000ba                __vector_15
                0x000000ba                __vector_8
                0x000000ba                __vector_10
                0x000000ba                __vector_16
                0x000000ba                __vector_18
                0x000000ba                __vector_20
                0x000000be                . = ALIGN (0x2)
 *(.text.*)
 .text.clock_app_bg
                0x000000be       0x42 apps/app_clock.o
                0x000000be                clock_app_bg
 .text.clock_app_run
                0x00000100        0x2 apps/app_clock.o
                0x00000100                clock_app_run
 .text.clock_app_fg
                0x00000102       0x76 apps/app_clock.o
                0x00000102                clock_app_fg
 .text.clock_app_cleanup
                0x00000178        0x2 apps/app_clock.o
                0x00000178                clock_app_cleanup
 .text.fetos_heart_app_bg
                0x0000017a       0x60 apps/app_heart.o
                0x0000017a                fetos_heart_app_bg
 .text.fetos_heart_app_run
                0x000001da        0x2 apps/app_heart.o
                0x000001da                fetos_heart_app_run
 .text.fetos_heart_app_fg
                0x000001dc       0x1a apps/app_heart.o
                0x000001dc                fetos_heart_app_fg
 .text.fetos_heart_app_cleanup
                0x000001f6        0x8 apps/app_heart.o
                0x000001f6                fetos_heart_app_cleanup
 .text.status_app_bg
                0x000001fe        0x2 apps/app_status.o
                0x000001fe                status_app_bg
 .text.status_app_run
                0x00000200        0x2 apps/app_status.o
                0x00000200                status_app_run
 .text.status_app_fg
                0x00000202       0x74 apps/app_status.o
                0x00000202                status_app_fg
 .text.status_app_cleanup
                0x00000276        0x2 apps/app_status.o
                0x00000276                status_app_cleanup
 .text.startup.main
                0x00000278       0x4a main.o
                0x00000278                main
 .text.fetos_core_init
                0x000002c2       0x18 src/fetos_core.o
                0x000002c2                fetos_core_init
 .text.app_play
                0x000002da       0x12 src/fetos_core.o
                0x000002da                app_play
 .text.app_suspend
                0x000002ec       0x1a src/fetos_core.o
                0x000002ec                app_suspend
 .text.app_close
                0x00000306       0x6a src/fetos_core.o
                0x00000306                app_close
 .text.app_minimize
                0x00000370       0x22 src/fetos_core.o
                0x00000370                app_minimize
 .text.app_show
                0x00000392       0x50 src/fetos_core.o
                0x00000392                app_show
 .text.scheduler_tick
                0x000003e2      0x10a src/fetos_core.o
                0x000003e2                scheduler_tick
 .text.__vector_14
                0x000004ec       0x4a src/fetos_hw.o
                0x000004ec                __vector_14
 .text.fetos_hw_init
                0x00000536       0x20 src/fetos_hw.o
                0x00000536                fetos_hw_init
 .text.fetos_millis
                0x00000556       0x16 src/fetos_hw.o
                0x00000556                fetos_millis
 .text.fetos_delay_ms
                0x0000056c       0x16 src/fetos_hw.o
                0x0000056c                fetos_delay_ms
 .text.fetos_pwm_init
                0x00000582       0x26 src/fetos_hw.o
                0x00000582                fetos_pwm_init
 .text.usart_send_char
                0x000005a8        0xe src/fetos_hw.o
                0x000005a8                usart_send_char
 .text.usart_read_char
                0x000005b6        0xe src/fetos_hw.o
                0x000005b6                usart_read_char
 .text.usart_available
                0x000005c4        0x8 src/fetos_hw.o
                0x000005c4                usart_available
 .text.fetos_handle_serial
                0x000005cc       0xb6 src/fetos_io.o
                0x000005cc                fetos_handle_serial
 .text.lcd_send_nibble
                0x00000682       0x38 src/fetos_lcd.o
 .text.lcd_send
                0x000006ba       0x22 src/fetos_lcd.o
                0x000006ba                lcd_send
 .text.lcd_init
                0x000006dc       0x7c src/fetos_lcd.o
                0x000006dc                lcd_init
 .text.lcd_clear
                0x00000758       0x16 src/fetos_lcd.o
                0x00000758                lcd_clear
 .text.lcd_set_cursor
                0x0000076e       0x18 src/fetos_lcd.o
                0x0000076e                lcd_set_cursor
 .text.lcd_print
                0x00000786       0x1a src/fetos_lcd.o
                0x00000786                lcd_print
 .text.lcd_create_char
                0x000007a0       0x3a src/fetos_lcd.o
                0x000007a0                lcd_create_char
 .text.fetos_ui_init
                0x000007da       0x3e src/fetos_ui.o
                0x000007da                fetos_ui_init
 .text.lcd_draw_lines
                0x00000818       0xb2 src/fetos_ui.o
                0x00000818                lcd_draw_lines
 .text.state_icon
                0x000008ca       0x14 src/fetos_ui.o
                0x000008ca                state_icon
 .text.render_menu
                0x000008de       0xce src/fetos_ui.o
                0x000008de                render_menu
 .text.render_header_for_app
                0x000009ac       0xb0 src/fetos_ui.o
                0x000009ac                render_header_for_app
 .text.render_header
                0x00000a5c       0x76 src/fetos_ui.o
                0x00000a5c                render_header
 .text.avr-libc
                0x00000ad2      0x230 c:/program files (x86)/atmel/studio/7.0/toolchain/avr8/avr8-gnu-toolchain/bin/../lib/gcc/avr/5.4.0/../../../../avr/lib/avr5\libprintf_min.a(vfprintf_min.o)
                0x00000ad2                vfprintf
 .text.avr-libc
                0x00000d02        0x6 c:/program files (x86)/atmel/studio/7.0/toolchain/avr8/avr8-gnu-toolchain/bin/../lib/gcc/avr/5.4.0/../../../../avr/lib/avr5\libc.a(exit.o)
                0x00000d02                exit
 .text.avr-libc
                0x00000d08       0x16 c:/program files (x86)/atmel/studio/7.0/toolchain/avr8/avr8-gnu-toolchain/bin/../lib/gcc/avr/5.4.0/../../../../avr/lib/avr5\libc.a(strchr_P.o)
                0x00000d08                strchr_P
 .text.avr-libc
                0x00000d1e       0x78 c:/program files (x86)/atmel/studio/7.0/toolchain/avr8/avr8-gnu-toolchain/bin/../lib/gcc/avr/5.4.0/../../../../avr/lib/avr5\libc.a(fputc.o)
                0x00000d1e                fputc
 .text.avr-libc
                0x00000d96       0x60 c:/program files (x86)/atmel/studio/7.0/toolchain/avr8/avr8-gnu-toolchain/bin/../lib/gcc/avr/5.4.0/../../../../avr/lib/avr5\libc.a(snprintf.o)
                0x00000d96                snprintf
 .text.avr-libc
                0x00000df6       0xbc c:/program files (x86)/atmel/studio/7.0/toolchain/avr8/avr8-gnu-toolchain/bin/../lib/gcc/avr/5.4.0/../../../../avr/lib/avr5\libc.a(ultoa_invert.o)
                0x00000df6                __ultoa_invert
 .text.libgcc.div
                0x00000eb2       0x28 c:/program files (x86)/atmel/studio/7.0/toolchain/avr8/avr8-gnu-toolchain/bin/../lib/gcc/avr/5.4.0/avr5\libgcc.a(_divmodhi4.o)
                0x00000eb2                _div
                0x00000eb2                __divmodhi4
 .text.libgcc.div
                0x00000eda       0x44 c:/program files (x86)/atmel/studio/7.0/toolchain/avr8/avr8-gnu-toolchain/bin/../lib/gcc/avr/5.4.0/avr5\libgcc.a(_udivmodsi4.o)
                0x00000eda                __udivmodsi4
 .text.libgcc.prologue
                0x00000f1e       0x38 c:/program files (x86)/atmel/studio/7.0/toolchain/avr8/avr8-gnu-toolchain/bin/../lib/gcc/avr/5.4.0/avr5\libgcc.a(_prologue.o)
                0x00000f1e                __prologue_saves__
 .text.libgcc.prologue
                0x00000f56       0x36 c:/program files (x86)/atmel/studio/7.0/toolchain/avr8/avr8-gnu-toolchain/bin/../lib/gcc/avr/5.4.0/avr5\libgcc.a(_epilogue.o)
                0x00000f56                __epilogue_restores__
 .text.libgcc.div
                0x00000f8c       0x28 c:/program files (x86)/atmel/studio/7.0/toolchain/avr8/avr8-gnu-toolchain/bin/../lib/gcc/avr/5.4.0/avr5\libgcc.a(_udivmodhi4.o)
                0x00000f8c                __udivmodhi4
                0x00000fb4                . = ALIGN (0x2)
 *(.fini9)
 .fini9         0x00000fb4        0x0 c:/program files (x86)/atmel/studio/7.0/toolchain/avr8/avr8-gnu-toolchain/bin/../lib/gcc/avr/5.4.0/avr5\libgcc.a(_exit.o)
                0x00000fb4                _exit
 *(.fini9)
 *(.fini8)
 *(.fini8)
 *(.fini7)
 *(.fini7)
 *(.fini6)
 *(.fini6)
 *(.fini5)
 *(.fini5)
 *(.fini4)
 *(.fini4)
 *(.fini3)
 *(.fini3)
 *(.fini2)
 *(.fini2)
 *(.fini1)
 *(.fini1)
 *(.fini0)
 .fini0         0x00000fb4        0x4 c:/program files (x86)/atmel/studio/7.0/toolchain/avr8/avr8-gnu-toolchain/bin/../lib/gcc/avr/5.4.0/avr5\libgcc.a(_exit.o)
 *(.fini0)
                0x00000fb8                _etext = .

.data           0x00800100       0xf0 load address 0x00000fb8
                0x00800100                PROVIDE (__data_start, .)
 *(.data)
 *(.data*)
 .data.last_visible.1876
                0x00800100        0x1 src/fetos_core.o
 .data.apps     0x00800101       0x57 src/fetos_core.o
                0x00800101                apps
 .data.visible_app
                0x00800158        0x1 src/fetos_core.o
                0x00800158                visible_app
 .data.active_app
                0x00800159        0x1 src/fetos_core.o
                0x00800159                active_app
 *(.gnu.linkonce.d*)
 *(.rodata)
 *(.rodata*)
 .rodata.str1.1
                0x0080015a        0xd apps/app_clock.o
 .rodata.str1.1
                0x00800167       0x12 apps/app_heart.o
 .rodata.str1.1
                0x00800179        0x7 apps/app_status.o
 .rodata.str1.1
                0x00800180       0x11 main.o
 .rodata.APP_COUNT
                0x00800191        0x1 src/fetos_core.o
                0x00800191                APP_COUNT
 .rodata.str1.1
                0x00800192       0x13 src/fetos_core.o
 .rodata.row_offsets.1760
                0x008001a5        0x2 src/fetos_lcd.o
 .rodata.str1.1
                0x008001a7       0x1d src/fetos_ui.o
                                 0x1e (size before relaxing)
 .rodata.CSWTCH.5
                0x008001c4        0x3 src/fetos_ui.o
 .rodata.ICON_LIGHTNING.2027
                0x008001c7        0x8 src/fetos_ui.o
 .rodata.ICON_STOP.2026
                0x008001cf        0x8 src/fetos_ui.o
 .rodata.ICON_SUS.2025
                0x008001d7        0x8 src/fetos_ui.o
 .rodata.ICON_MIN.2024
                0x008001df        0x8 src/fetos_ui.o
 .rodata.ICON_RUN.2023
                0x008001e7        0x8 src/fetos_ui.o
 *(.gnu.linkonce.r*)
                0x008001f0                . = ALIGN (0x2)
 *fill*         0x008001ef        0x1 
                0x008001f0                _edata = .
                0x008001f0                PROVIDE (__data_end, .)

.bss            0x008001f0       0x1c
                0x008001f0                PROVIDE (__bss_start, .)
 *(.bss)
 *(.bss*)
 .bss.clock_data
                0x008001f0        0x4 apps/app_clock.o
 .bss.heart     0x008001f4        0x5 apps/app_heart.o
 .bss.menu_index
                0x008001f9        0x1 src/fetos_core.o
                0x008001f9                menu_index
 .bss.system_start_ms
                0x008001fa        0x4 src/fetos_core.o
                0x008001fa                system_start_ms
 .bss.system_ms
                0x008001fe        0x4 src/fetos_hw.o
 *(COMMON)
 COMMON         0x00800202        0xa src/fetos_core.o
                0x00800202                cleanup_pending
                0x0080020c                PROVIDE (__bss_end, .)
                0x00000fb8                __data_load_start = LOADADDR (.data)
                0x000010a8                __data_load_end = (__data_load_start + SIZEOF (.data))

.noinit         0x0080020c        0x0
                [!provide]                PROVIDE (__noinit_start, .)
 *(.noinit*)
                [!provide]                PROVIDE (__noinit_end, .)
                0x0080020c                _end = .
                [!provide]                PROVIDE (__heap_start, .)

.eeprom         0x00810000        0x0
 *(.eeprom*)
                0x00810000                __eeprom_end = .

.fuse
 *(.fuse)
 *(.lfuse)
 *(.hfuse)
 *(.efuse)

.lock
 *(.lock*)

.signature
 *(.signature*)

.user_signatures
 *(.user_signatures*)

.stab
 *(.stab)

.stabstr
 *(.stabstr)

.stab.excl
 *(.stab.excl)

.stab.exclstr
 *(.stab.exclstr)

.stab.index
 *(.stab.index)

.stab.indexstr
 *(.stab.indexstr)

.comment        0x00000000       0x5c
 *(.comment)
 .comment       0x00000000       0x30 apps/app_clock.o
                                 0x31 (size before relaxing)
 .comment       0x00000030       0x31 apps/app_heart.o
 .comment       0x00000030       0x31 apps/app_status.o
 .comment       0x00000030       0x31 main.o
 .comment       0x00000030       0x31 src/fetos_core.o
 .comment       0x00000030       0x31 src/fetos_hw.o
 .comment       0x00000030       0x31 src/fetos_io.o
 .comment       0x00000030       0x31 src/fetos_lcd.o
 .comment       0x00000030       0x31 src/fetos_ui.o
 .comment       0x00000030       0x2c c:/program files (x86)/atmel/studio/7.0/toolchain/avr8/avr8-gnu-toolchain/bin/../lib/gcc/avr/5.4.0/../../../../avr/lib/avr5\libprintf_min.a(vfprintf_min.o)
                                 0x2d (size before relaxing)
 .comment       0x0000005c       0x31 c:/program files (x86)/atmel/studio/7.0/toolchain/avr8/avr8-gnu-toolchain/bin/../lib/gcc/avr/5.4.0/../../../../avr/lib/avr5\libc.a(fputc.o)
 .comment       0x0000005c       0x31 c:/program files (x86)/atmel/studio/7.0/toolchain/avr8/avr8-gnu-toolchain/bin/../lib/gcc/avr/5.4.0/../../../../avr/lib/avr5\libc.a(snprintf.o)

.note.gnu.avr.deviceinfo
                0x00000000       0x40
 .note.gnu.avr.deviceinfo
                0x00000000       0x40 C:/Program Files (x86)/Atmel/Studio/7.0/Packs/atmel/ATmega_DFP/1.7.374/gcc/dev/atmega328p/avr5/crtatmega328p.o

.note.gnu.build-id
 *(.note.gnu.build-id)

.debug
 *(.debug)

.line
 *(.line)

.debug_srcinfo
 *(.debug_srcinfo)

.debug_sfnames
 *(.debug_sfnames)

.debug_aranges  0x00000000      0x228
 *(.debug_aranges)
 .debug_aranges
                0x00000000       0x30 apps/app_clock.o
 .debug_aranges
                0x00000030       0x38 apps/app_heart.o
 .debug_aranges
                0x00000068       0x28 apps/app_status.o
 .debug_aranges
                0x00000090       0x20 main.o
 .debug_aranges
                0x000000b0       0x50 src/fetos_core.o
 .debug_aranges
                0x00000100       0x70 src/fetos_hw.o
 .debug_aranges
                0x00000170       0x20 src/fetos_io.o
 .debug_aranges
                0x00000190       0x50 src/fetos_lcd.o
 .debug_aranges
                0x000001e0       0x48 src/fetos_ui.o

.debug_pubnames
 *(.debug_pubnames)

.debug_info     0x00000000     0x236b
 *(.debug_info .gnu.linkonce.wi.*)
 .debug_info    0x00000000      0x5f4 C:/Program Files (x86)/Atmel/Studio/7.0/Packs/atmel/ATmega_DFP/1.7.374/gcc/dev/atmega328p/avr5/crtatmega328p.o
 .debug_info    0x000005f4      0x18f apps/app_clock.o
 .debug_info    0x00000783      0x18f apps/app_heart.o
 .debug_info    0x00000912      0x270 apps/app_status.o
 .debug_info    0x00000b82      0x229 main.o
 .debug_info    0x00000dab      0x499 src/fetos_core.o
 .debug_info    0x00001244      0x2fd src/fetos_hw.o
 .debug_info    0x00001541      0x1df src/fetos_io.o
 .debug_info    0x00001720      0x5a8 src/fetos_lcd.o
 .debug_info    0x00001cc8      0x6a3 src/fetos_ui.o

.debug_abbrev   0x00000000     0x1207
 *(.debug_abbrev)
 .debug_abbrev  0x00000000      0x5a2 C:/Program Files (x86)/Atmel/Studio/7.0/Packs/atmel/ATmega_DFP/1.7.374/gcc/dev/atmega328p/avr5/crtatmega328p.o
 .debug_abbrev  0x000005a2      0x10b apps/app_clock.o
 .debug_abbrev  0x000006ad      0x109 apps/app_heart.o
 .debug_abbrev  0x000007b6      0x162 apps/app_status.o
 .debug_abbrev  0x00000918      0x104 main.o
 .debug_abbrev  0x00000a1c      0x199 src/fetos_core.o
 .debug_abbrev  0x00000bb5      0x1d7 src/fetos_hw.o
 .debug_abbrev  0x00000d8c       0xcf src/fetos_io.o
 .debug_abbrev  0x00000e5b      0x1c1 src/fetos_lcd.o
 .debug_abbrev  0x0000101c      0x1eb src/fetos_ui.o

.debug_line     0x00000000     0x2476
 *(.debug_line .debug_line.* .debug_line_end)
 .debug_line    0x00000000      0x134 C:/Program Files (x86)/Atmel/Studio/7.0/Packs/atmel/ATmega_DFP/1.7.374/gcc/dev/atmega328p/avr5/crtatmega328p.o
 .debug_line    0x00000134      0x374 apps/app_clock.o
 .debug_line    0x000004a8      0x3ac apps/app_heart.o
 .debug_line    0x00000854      0x2d6 apps/app_status.o
 .debug_line    0x00000b2a      0x36d main.o
 .debug_line    0x00000e97      0x4cc src/fetos_core.o
 .debug_line    0x00001363      0x468 src/fetos_hw.o
 .debug_line    0x000017cb      0x39c src/fetos_io.o
 .debug_line    0x00001b67      0x4b6 src/fetos_lcd.o
 .debug_line    0x0000201d      0x459 src/fetos_ui.o

.debug_frame    0x00000000      0x4d0
 *(.debug_frame)
 .debug_frame   0x00000000       0x7c apps/app_clock.o
 .debug_frame   0x0000007c       0x60 apps/app_heart.o
 .debug_frame   0x000000dc       0x70 apps/app_status.o
 .debug_frame   0x0000014c       0x24 main.o
 .debug_frame   0x00000170       0xa8 src/fetos_core.o
 .debug_frame   0x00000218       0xf0 src/fetos_hw.o
 .debug_frame   0x00000308       0x2c src/fetos_io.o
 .debug_frame   0x00000334       0xac src/fetos_lcd.o
 .debug_frame   0x000003e0       0xf0 src/fetos_ui.o

.debug_str      0x00000000     0x8016
 *(.debug_str)
 .debug_str     0x00000000      0x208 C:/Program Files (x86)/Atmel/Studio/7.0/Packs/atmel/ATmega_DFP/1.7.374/gcc/dev/atmega328p/avr5/crtatmega328p.o
 .debug_str     0x00000208     0x75a4 apps/app_clock.o
                               0x76d3 (size before relaxing)
 .debug_str     0x000077ac       0x98 apps/app_heart.o
                               0x76ee (size before relaxing)
 .debug_str     0x00007844       0xdb apps/app_status.o
                               0x730c (size before relaxing)
 .debug_str     0x0000791f      0x461 main.o
                               0x7092 (size before relaxing)
 .debug_str     0x00007d80       0xd1 src/fetos_core.o
                               0x6dec (size before relaxing)
 .debug_str     0x00007e51       0xb9 src/fetos_hw.o
                               0x704d (size before relaxing)
 .debug_str     0x00007f0a       0x25 src/fetos_io.o
                               0x6d1a (size before relaxing)
 .debug_str     0x00007f2f       0x83 src/fetos_lcd.o
                               0x6cd2 (size before relaxing)
 .debug_str     0x00007fb2       0x64 src/fetos_ui.o
                               0x7407 (size before relaxing)

.debug_loc      0x00000000      0xd65
 *(.debug_loc)
 .debug_loc     0x00000000       0x90 apps/app_clock.o
 .debug_loc     0x00000090       0x47 apps/app_heart.o
 .debug_loc     0x000000d7       0x61 apps/app_status.o
 .debug_loc     0x00000138       0x48 main.o
 .debug_loc     0x00000180      0x2b7 src/fetos_core.o
 .debug_loc     0x00000437      0x1bb src/fetos_hw.o
 .debug_loc     0x000005f2       0x61 src/fetos_io.o
 .debug_loc     0x00000653      0x45e src/fetos_lcd.o
 .debug_loc     0x00000ab1      0x2b4 src/fetos_ui.o

.debug_macinfo
 *(.debug_macinfo)

.debug_weaknames
 *(.debug_weaknames)

.debug_funcnames
 *(.debug_funcnames)

.debug_typenames
 *(.debug_typenames)

.debug_varnames
 *(.debug_varnames)

.debug_pubtypes
 *(.debug_pubtypes)

.debug_ranges   0x00000000      0x198
 *(.debug_ranges)
 .debug_ranges  0x00000000       0x20 apps/app_clock.o
 .debug_ranges  0x00000020       0x28 apps/app_heart.o
 .debug_ranges  0x00000048       0x18 apps/app_status.o
 .debug_ranges  0x00000060       0x10 main.o
 .debug_ranges  0x00000070       0x40 src/fetos_core.o
 .debug_ranges  0x000000b0       0x60 src/fetos_hw.o
 .debug_ranges  0x00000110       0x10 src/fetos_io.o
 .debug_ranges  0x00000120       0x40 src/fetos_lcd.o
 .debug_ranges  0x00000160       0x38 src/fetos_ui.o

.debug_macro    0x00000000     0x37e2
 *(.debug_macro)
 .debug_macro   0x00000000      0x122 apps/app_clock.o
 .debug_macro   0x00000122      0xa54 apps/app_clock.o
 .debug_macro   0x00000b76       0x10 apps/app_clock.o
 .debug_macro   0x00000b86      0x1c9 apps/app_clock.o
 .debug_macro   0x00000d4f      0x2fc apps/app_clock.o
 .debug_macro   0x0000104b       0x9e apps/app_clock.o
 .debug_macro   0x000010e9     0x1411 apps/app_clock.o
 .debug_macro   0x000024fa      0x13a apps/app_clock.o
 .debug_macro   0x00002634       0xbd apps/app_clock.o
 .debug_macro   0x000026f1       0x34 apps/app_clock.o
 .debug_macro   0x00002725       0x18 apps/app_clock.o
 .debug_macro   0x0000273d       0x6c apps/app_clock.o
 .debug_macro   0x000027a9       0x22 apps/app_clock.o
 .debug_macro   0x000027cb       0x10 apps/app_clock.o
 .debug_macro   0x000027db       0x10 apps/app_clock.o
 .debug_macro   0x000027eb      0x166 apps/app_clock.o
 .debug_macro   0x00002951       0x34 apps/app_clock.o
 .debug_macro   0x00002985       0x58 apps/app_clock.o
 .debug_macro   0x000029dd       0x10 apps/app_clock.o
 .debug_macro   0x000029ed       0x97 apps/app_clock.o
 .debug_macro   0x00002a84       0xf2 apps/app_clock.o
 .debug_macro   0x00002b76       0x16 apps/app_clock.o
 .debug_macro   0x00002b8c       0x20 apps/app_clock.o
 .debug_macro   0x00002bac       0x10 apps/app_clock.o
 .debug_macro   0x00002bbc       0x1c apps/app_clock.o
 .debug_macro   0x00002bd8       0x97 apps/app_clock.o
 .debug_macro   0x00002c6f       0x5a apps/app_clock.o
 .debug_macro   0x00002cc9      0x122 apps/app_heart.o
 .debug_macro   0x00002deb       0xf8 apps/app_status.o
 .debug_macro   0x00002ee3       0x16 apps/app_status.o
 .debug_macro   0x00002ef9       0xea main.o
 .debug_macro   0x00002fe3       0x69 main.o
 .debug_macro   0x0000304c       0x2e main.o
 .debug_macro   0x0000307a       0xe1 src/fetos_core.o
 .debug_macro   0x0000315b       0xc0 src/fetos_hw.o
 .debug_macro   0x0000321b       0xde src/fetos_io.o
 .debug_macro   0x000032f9       0xc1 src/fetos_lcd.o
 .debug_macro   0x000033ba       0x28 src/fetos_lcd.o
 .debug_macro   0x000033e2       0xfe src/fetos_ui.o
 .debug_macro   0x000034e0      0x302 src/fetos_ui.o
OUTPUT(FetOS.elf elf32-avr)
LOAD linker stubs
